// Jest Snapshot v1, https://goo.gl/fbAQLP

exports[`OffersData component -----OffersData.vue----- matches snapshot 1`] = `undefined`;
